---
source: crab/tests/workflow_params_diff.rs
expression: stdout
---
=== Added ===
(none)

=== Removed ===
(none)

=== Changed ===
key       old   new   abs Δ  % Δ   
--------  ----  ----  ------  -------
accuracy  0.8   0.85  +0.05   +6.25% 
f1        0.75  0.78  +0.03   +4.00% 
loss      0.5   0.4   -0.1    -20.00%
